../Core/Src/hx711.c:26:9:HX711_IsReadyAll	8	static
../Core/Src/hx711.c:37:16:HX711_WaitReadyAll	24	static
../Core/Src/hx711.c:52:13:HX711_ReadReadyAll	56	static,ignoring_inline_asm
../Core/Src/hx711.c:102:9:HX711_ReadAllIfReady	16	static
../Core/Src/hx711.c:113:6:HX711_ReadAll	24	static
../Core/Src/hx711.c:128:6:HX711_TareAllBegin	8	static
../Core/Src/hx711.c:135:9:HX711_TareAllTask	72	static
../Core/Src/hx711.c:175:6:HX711_TareAll	120	static
../Core/Src/hx711.c:201:6:HX711_SetScales	24	static
../Core/Src/hx711.c:210:9:HX711_GetWeightsAveragedTask	80	static
../Core/Src/hx711.c:249:6:HX711_GetWeights	120	static
