../Drivers/STM32WB0x_HAL_Driver/Inc/stm32wb0x_ll_radio_timer.h:325:26:LL_RADIO_TIMER_GetAbsoluteTime	16	static
../Drivers/STM32WB0x_HAL_Driver/Inc/stm32wb0x_ll_bus.h:229:22:LL_AHB1_GRP1_EnableClock	24	static
../Drivers/STM32WB0x_HAL_Driver/Inc/stm32wb0x_ll_bus.h:642:22:LL_APB2_GRP1_EnableClock	24	static
../Drivers/STM32WB0x_HAL_Driver/Inc/stm32wb0x_ll_bus.h:659:26:LL_APB2_GRP1_IsEnabledClock	16	static
../Drivers/STM32WB0x_HAL_Driver/Inc/stm32wb0x_ll_bus.h:685:22:LL_APB2_GRP1_ForceReset	16	static
../Drivers/STM32WB0x_HAL_Driver/Inc/stm32wb0x_ll_bus.h:698:22:LL_APB2_GRP1_ReleaseReset	16	static
../Core/Src/main.c:102:13:App_UpdateCoinCounts	24	static
../Core/Src/main.c:123:17:App_GetTotalCents	16	static
../Core/Src/main.c:137:16:App_ClampCoinCountToU8	16	static
../Core/Src/main.c:150:13:App_SendBleCoins	16	static
../Core/Src/main.c:166:13:App_HandleUartDebug	16	static
../Core/Src/main.c:182:13:App_UpdateServoFromLimit	24	static
../Core/Src/main.c:207:13:App_PrintStatusUart	192	static
../Core/Src/main.c:228:13:App_PrintHelp	240	static
../Core/Src/main.c:239:5:__io_putchar	24	static
../Core/Src/main.c:251:5:main	296	static
../Core/Src/main.c:375:6:SystemClock_Config	48	static
../Core/Src/main.c:406:6:PeriphCommonClock_Config	32	static
../Core/Src/main.c:426:13:MX_PKA_Init	8	static
../Core/Src/main.c:452:13:MX_RADIO_Init	16	static
../Core/Src/main.c:487:13:MX_RADIO_TIMER_Init	16	static
../Core/Src/main.c:526:13:MX_RNG_Init	8	static
../Core/Src/main.c:552:13:MX_TIM17_Init	72	static
../Core/Src/main.c:615:6:MX_USART1_UART_Init	8	static
../Core/Src/main.c:663:13:MX_GPIO_Init	32	static
../Core/Src/main.c:735:6:Error_Handler	80	static,ignoring_inline_asm
