../Core/Src/stm32wb0x_it.c:72:6:NMI_Handler	8	static
../Core/Src/stm32wb0x_it.c:87:6:HardFault_Handler	8	static
../Core/Src/stm32wb0x_it.c:102:6:SVC_Handler	8	static
../Core/Src/stm32wb0x_it.c:115:6:PendSV_Handler	8	static
../Core/Src/stm32wb0x_it.c:128:6:SysTick_Handler	8	static
../Core/Src/stm32wb0x_it.c:149:6:PKA_IRQHandler	8	static
../Core/Src/stm32wb0x_it.c:163:6:RADIO_TIMER_CPU_WKUP_IRQHandler	8	static
../Core/Src/stm32wb0x_it.c:177:6:RADIO_TIMER_ERROR_IRQHandler	8	static
../Core/Src/stm32wb0x_it.c:191:6:RADIO_TXRX_IRQHandler	8	static
../Core/Src/stm32wb0x_it.c:205:6:RADIO_TXRX_SEQ_IRQHandler	8	static
../Core/Src/stm32wb0x_it.c:219:6:RADIO_RRM_IRQHandler	8	static
