../Core/Src/syscalls.c:47:5:__io_putchar	24	static
../Core/Src/syscalls.c:60:6:initialise_monitor_handles	8	static
../Core/Src/syscalls.c:64:5:_getpid	8	static
../Core/Src/syscalls.c:69:5:_kill	16	static
../Core/Src/syscalls.c:77:6:_exit	16	static
../Core/Src/syscalls.c:83:27:_read	32	static
../Core/Src/syscalls.c:96:27:_write	32	static
../Core/Src/syscalls.c:108:5:_close	16	static
../Core/Src/syscalls.c:115:5:_fstat	16	static
../Core/Src/syscalls.c:122:5:_isatty	16	static
../Core/Src/syscalls.c:128:5:_lseek	24	static
../Core/Src/syscalls.c:136:5:_open	20	static
../Core/Src/syscalls.c:144:5:_wait	16	static
../Core/Src/syscalls.c:151:5:_unlink	16	static
../Core/Src/syscalls.c:158:5:_times	16	static
../Core/Src/syscalls.c:164:5:_stat	16	static
../Core/Src/syscalls.c:171:5:_link	16	static
../Core/Src/syscalls.c:179:5:_fork	8	static
../Core/Src/syscalls.c:185:5:_execve	24	static
